| 20211229_0142_17 | https://github.com/seigot/tetris | 54 | 1 | SUCCESS |
